Microchip MPLAB XC8 Compiler V2.41

Linker command line:

-W-3 --edf=/opt/microchip/xc8/v2.41/pic/dat/20230208172133_en.msgs -cn \
  -h+dist/default/production/lab05_ADC.X.production.sym \
  --cmf=dist/default/production/lab05_ADC.X.production.cmf -z -Q18F4550 \
  -o/tmp/xcXJfHeFL/driver_tmp_3.obj \
  -Mdist/default/production/lab05_ADC.X.production.map \
  --md=/tmp/xcXJfHeFL/driver_tmp_0.dat -E1 -ver=XC8 Compiler \
  -ACODE=00h-07FFFh -ACONST=00h-07FFFh -ASMALLCONST=0800h-08FFhx120 \
  -AMEDIUMCONST=0800h-07FFFh -ACOMRAM=01h-05Fh -AABS1=00h-07FFh \
  -ABIGRAM=01h-07FFh -ARAM=060h-0FFh,0100h-01FFhx7 -ABANK0=060h-0FFh \
  -ABANK1=0100h-01FFh -ABANK2=0200h-02FFh -ABANK3=0300h-03FFh \
  -ABANK4=0400h-04FFh -ABANK5=0500h-05FFh -ABANK6=0600h-06FFh \
  -ABANK7=0700h-07FFh -ASFR=0F60h-0FFFh -ABIGSFR=0F60h-0FFFh \
  -ACONFIG=0300000h-030000Dh -AIDLOC=0200000h-0200007h \
  -AEEDATA=0F00000h-0F000FFh -peeprom_data=EEDATA \
  -preset_vec=00h,intcode=08h,intcodelo,powerup,init -pramtop=0800h \
  -psmallconst=SMALLCONST -pmediumconst=MEDIUMCONST -pconst=CONST \
  -AFARRAM=00h-00h \
  -prdata=COMRAM,nvrram=COMRAM,nvbit=COMRAM,rbss=COMRAM,rbit=COMRAM \
  -pfarbss=FARRAM,fardata=FARRAM,nvFARRAM=FARRAM \
  -pintsave_regs=BIGRAM,bigbss=BIGRAM,bigdata=BIGRAM -pbss=RAM \
  -pidata=CODE,irdata=CODE,ibigdata=CODE,ifardata=CODE -prparam=COMRAM \
  /tmp/xcXJfHeFL/driver_tmp_15.obj \
  dist/default/production/lab05_ADC.X.production.obj 

Object code version is 3.11

Machine type is 18F4550



                Name                               Link     Load   Length Selector   Space Scale
/tmp/xcXJfHeFL/driver_tmp_15.obj
                idloc                            200000   200000        8        0       5
                config                           300000   300000        E        0       4
                init                                  E        E        4        4       0
                reset_vec                             0        0        4        0       0
dist/default/production/lab05_ADC.X.production.obj
                intcode                               8        8        6        4       0
                idloc                            200000   200000        8        0       5
                config                           300000   300000        E        0       4
                temp                                 4C       4C        1        1       1
                smallconst                          800      800       62      400       0
                intcode_body                       15AC     15AC       24      431       0
                text27                             15D0     15D0       1E      431       0
                text26                              FE2      FE2       AE      431       0
                text25                              A42      A42      1A8      431       0
                text24                              E2A      E2A       E6      431       0
                text23                              D36      D36       F4      431       0
                text22                              F10      F10       D2      431       0
                text21                             1588     1588       24      431       0
                text20                             13F4     13F4       52      431       0
                text19                             14DC     14DC       42      431       0
                text18                              BEA      BEA      14C      431       0
                text17                              862      862      1E0      431       0
                text16                             15EE     15EE       18      431       0
                text15                             1646     1646        E      431       0
                text14                             138E     138E       66      431       0
                text13                             1496     1496       46      431       0
                text12                             1632     1632       14      431       0
                text11                             1090     1090       9C      431       0
                text10                             1238     1238       82      431       0
                text9                              1660     1660        2      431       0
                text8                              1654     1654        C      431       0
                text7                              1446     1446       50      431       0
                text6                              161C     161C       16      431       0
                text5                              1606     1606       16      431       0
                text4                              112C     112C       88      431       0
                text3                              12BA     12BA       6C      431       0
                text2                              11B4     11B4       84      431       0
                text1                              151E     151E       40      431       0
                text0                              1326     1326       68      431       0
                cstackCOMRAM                          1        1       49        1       1
                cstackBANK0                          60       60       24       60       1
                bssBANK0                             84       84        3       60       1
                dataCOMRAM                           4B       4B        1        1       1
                bssCOMRAM                            4A       4A        1        1       1
                cinit                              155E     155E       2A      431       0
                idataCOMRAM                        1662     1662        1      431       0

TOTAL           Name                               Link     Load   Length     Space
        CLASS   CODE           
                intcode                               8        8        6         0
                init                                  E        E        4         0
                reset_vec                             0        0        4         0
                intcode_body                       15AC     15AC       24         0
                text27                             15D0     15D0       1E         0
                text26                              FE2      FE2       AE         0
                text25                              A42      A42      1A8         0
                text24                              E2A      E2A       E6         0
                text23                              D36      D36       F4         0
                text22                              F10      F10       D2         0
                text21                             1588     1588       24         0
                text20                             13F4     13F4       52         0
                text19                             14DC     14DC       42         0
                text18                              BEA      BEA      14C         0
                text17                              862      862      1E0         0
                text16                             15EE     15EE       18         0
                text15                             1646     1646        E         0
                text14                             138E     138E       66         0
                text13                             1496     1496       46         0
                text12                             1632     1632       14         0
                text11                             1090     1090       9C         0
                text10                             1238     1238       82         0
                text9                              1660     1660        2         0
                text8                              1654     1654        C         0
                text7                              1446     1446       50         0
                text6                              161C     161C       16         0
                text5                              1606     1606       16         0
                text4                              112C     112C       88         0
                text3                              12BA     12BA       6C         0
                text2                              11B4     11B4       84         0
                text1                              151E     151E       40         0
                text0                              1326     1326       68         0
                cinit                              155E     155E       2A         0
                idataCOMRAM                        1662     1662        1         0

        CLASS   CONST          

        CLASS   SMALLCONST     
                smallconst                          800      800       62         0

        CLASS   MEDIUMCONST    

        CLASS   COMRAM         
                temp                                 4C       4C        1         1
                cstackCOMRAM                          1        1       49         1
                dataCOMRAM                           4B       4B        1         1
                bssCOMRAM                            4A       4A        1         1

        CLASS   ABS1           

        CLASS   BIGRAM         

        CLASS   RAM            

        CLASS   BANK0          
                cstackBANK0                          60       60       24         1
                bssBANK0                             84       84        3         1

        CLASS   BANK1          

        CLASS   BANK2          

        CLASS   BANK3          

        CLASS   BANK4          

        CLASS   BANK5          

        CLASS   BANK6          

        CLASS   BANK7          

        CLASS   SFR            

        CLASS   BIGSFR         

        CLASS   CONFIG         
                config                           300000   300000        E         4

        CLASS   IDLOC          
                idloc                            200000   200000        8         5

        CLASS   EEDATA         

        CLASS   FARRAM         

        CLASS   HEAP           

        CLASS   STACK          



SEGMENTS        Name                           Load    Length   Top    Selector   Space  Class

                reset_vec                      000000  000004  000004         0       0  CODE    
                cstackCOMRAM                   000001  00004C  00004D         1       1  COMRAM  
                cstackBANK0                    000060  000027  000087        60       1  BANK0   
                text17                         000862  000E01  001663       431       0  CODE    
                intcode                        000008  00000A  000012         4       0  CODE    
                smallconst                     000800  000062  000862       400       0  SMALLCON


UNUSED ADDRESS RANGES

        Name                Unused          Largest block    Delta
        BANK0            000087-0000FF               79
        BANK1            000100-0001FF              100
        BANK2            000200-0002FF              100
        BANK3            000300-0003FF              100
        BANK4            000400-0004FF              100
        BANK5            000500-0005FF              100
        BANK6            000600-0006FF              100
        BANK7            000700-0007FF              100
        BIGRAM           00004D-00005F               13
                         000087-0007FF              779
        BIGSFR           000F60-000FFF               A0
        CODE             000004-000007                4
                         000012-0007FF              7EE
                         001663-007FFF             699D
        COMRAM           00004D-00005F               13
        CONST            000004-000007                4
                         000012-0007FF              7EE
                         001663-007FFF             699D
        EEDATA           F00000-F000FF              100
        MEDIUMCONST      001663-007FFF             699D
        RAM              000087-0007FF              100
        SFR              000F60-000FFF               A0
        SMALLCONST       001663-007FFF              100

                                  Symbol Table

?___ftadd                                                  cstackCOMRAM 00002B
?___ftdiv                                                  cstackCOMRAM 00001C
?___ftmul                                                  cstackCOMRAM 00000D
?___ftpack                                                 cstackCOMRAM 000001
?___fttol                                                  cstackCOMRAM 000037
?___lbtoft                                                 cstackCOMRAM 000009
?___lwdiv                                                  cstackCOMRAM 000001
?___lwmod                                                  cstackCOMRAM 000008
?_sprintf                                                  cstackCOMRAM 00000D
ConfiguraLCD@a                                             cstackCOMRAM 000001
DireccionaLCD@a                                            cstackCOMRAM 000005
EnviaDato@a                                                cstackCOMRAM 000004
EscribeLCD_c@a                                             cstackCOMRAM 000005
MensajeLCD_Var@a                                           cstackCOMRAM 000006
MensajeLCD_Var@counter                                     cstackCOMRAM 000008
RetardoLCD@a                                               cstackCOMRAM 000002
Transmitir@BufferT                                         cstackCOMRAM 000001
_ADCON0                                                    (abs)        000FC2
_ADCON1                                                    (abs)        000FC1
_ADCON2                                                    (abs)        000FC0
_ADON                                                      (abs)        007E10
_ADRES                                                     (abs)        000FC3
_BAUDCON                                                   (abs)        000FB8
_BorraLCD                                                  text12       001632
_Che                                                       bssCOMRAM    00004A
_ConfiguraLCD                                              text16       0015EE
_DireccionaLCD                                             text6        00161C
_Enable_sample                                             bssBANK0     000084
_EnviaDato                                                 text13       001496
_EscribeLCD_c                                              text5        001606
_GIE                                                       (abs)        007F97
_GO                                                        (abs)        007E11
_HabilitaLCD                                               text15       001646
_Hum                                                       bssBANK0     000085
_ISR                                                       intcode      000008
_InicializaLCD                                             text11       001090
_LATB0                                                     (abs)        007C50
_LATC0                                                     (abs)        007C58
_LATC2                                                     (abs)        007C5A
_LATD                                                      (abs)        000F8C
_LATD0                                                     (abs)        007C60
_LATD1                                                     (abs)        007C61
_LATE                                                      (abs)        000F8D
_MensajeLCD_Var                                            text2        0011B4
_OSCCON                                                    (abs)        000FD3
_RA2                                                       (abs)        007C02
_RA3                                                       (abs)        007C03
_RB0                                                       (abs)        007C08
_RC0                                                       (abs)        007C10
_RC2                                                       (abs)        007C12
_RCSTA                                                     (abs)        000FAB
_RE0                                                       (abs)        007C20
_RE1                                                       (abs)        007C21
_RE2                                                       (abs)        007C22
_RetardoLCD                                                text14       00138E
_SPBRG                                                     (abs)        000FAF
_SWDTEN                                                    (abs)        007E88
_T0CON                                                     (abs)        000FD5
_TMR0                                                      (abs)        000FD6
_TMR0IE                                                    (abs)        007F95
_TMR0IF                                                    (abs)        007F92
_TMR0ON                                                    (abs)        007EAF
_TO                                                        (abs)        007E83
_TRISA2                                                    (abs)        007C92
_TRISA3                                                    (abs)        007C93
_TRISB0                                                    (abs)        007C98
_TRISC2                                                    (abs)        007CA2
_TRISD                                                     (abs)        000F95
_TRISE                                                     (abs)        000F96
_TRMT                                                      (abs)        007D61
_TXREG                                                     (abs)        000FAD
_TXSTA                                                     (abs)        000FAC
_Temp                                                      bssBANK0     000086
_Transmitir                                                text8        001654
__HRAM                                                     (abs)        000000
__H__absolute__                                            __absolute__ 000000
__Habs1                                                    abs1         000000
__Hbank0                                                   bank0        000000
__Hbank1                                                   bank1        000000
__Hbank2                                                   bank2        000000
__Hbank3                                                   bank3        000000
__Hbank4                                                   bank4        000000
__Hbank5                                                   bank5        000000
__Hbank6                                                   bank6        000000
__Hbank7                                                   bank7        000000
__Hbigbss                                                  bigbss       000000
__Hbigdata                                                 bigdata      000000
__Hbigram                                                  bigram       000000
__Hbigsfr                                                  bigsfr       000000
__Hbss                                                     bss          000000
__HbssBANK0                                                bssBANK0     000000
__HbssCOMRAM                                               bssCOMRAM    000000
__Hcinit                                                   cinit        000000
__Hclrtext                                                 clrtext      000000
__Hcomram                                                  comram       000000
__Hconfig                                                  config       30000E
__Hconst                                                   const        000000
__HcstackBANK0                                             cstackBANK0  000000
__HcstackCOMRAM                                            cstackCOMRAM 000000
__Hdata                                                    data         000000
__HdataCOMRAM                                              dataCOMRAM   000000
__Heeprom_data                                             eeprom_data  000000
__Hfarbss                                                  farbss       000000
__Hfardata                                                 fardata      000000
__Hheap                                                    heap         000000
__Hibigdata                                                ibigdata     000000
__Hidata                                                   idata        000000
__HidataCOMRAM                                             idataCOMRAM  000000
__Hidloc                                                   idloc        200008
__Hifardata                                                ifardata     000000
__Hinit                                                    init         000012
__Hintcode                                                 intcode      00000E
__Hintcode_body                                            intcode_body 000000
__Hintcodelo                                               intcodelo    00000E
__Hintentry                                                intentry     000000
__Hintret                                                  intret       000000
__Hintsave_regs                                            intsave_regs 000000
__Hirdata                                                  irdata       000000
__Hmediumconst                                             mediumconst  000000
__HnvFARRAM                                                nvFARRAM     000000
__Hnvbit                                                   nvbit        000000
__Hnvrram                                                  nvrram       000000
__Hparam                                                   rparam       000000
__Hpowerup                                                 powerup      00000E
__Hram                                                     ram          000000
__Hramtop                                                  ramtop       000800
__Hrbit                                                    rbit         000000
__Hrbss                                                    rbss         000000
__Hrdata                                                   rdata        000000
__Hreset_vec                                               reset_vec    000004
__Hrparam                                                  rparam       000000
__Hsfr                                                     sfr          000000
__Hsmallconst                                              smallconst   000862
__Hspace_0                                                 (abs)        001663
__Hspace_1                                                 (abs)        000087
__Hspace_2                                                 (abs)        000000
__Hspace_4                                                 (abs)        60000E
__Hstack                                                   stack        000000
__Hstruct                                                  struct       000000
__Htemp                                                    temp         00004D
__Htext                                                    text         000000
__Htext0                                                   text0        000000
__Htext1                                                   text1        000000
__Htext10                                                  text10       000000
__Htext11                                                  text11       000000
__Htext12                                                  text12       000000
__Htext13                                                  text13       000000
__Htext14                                                  text14       000000
__Htext15                                                  text15       000000
__Htext16                                                  text16       000000
__Htext17                                                  text17       000000
__Htext18                                                  text18       000000
__Htext19                                                  text19       000000
__Htext2                                                   text2        000000
__Htext20                                                  text20       000000
__Htext21                                                  text21       000000
__Htext22                                                  text22       000000
__Htext23                                                  text23       000000
__Htext24                                                  text24       000000
__Htext25                                                  text25       000000
__Htext26                                                  text26       000000
__Htext27                                                  text27       000000
__Htext3                                                   text3        000000
__Htext4                                                   text4        000000
__Htext5                                                   text5        000000
__Htext6                                                   text6        000000
__Htext7                                                   text7        000000
__Htext8                                                   text8        000000
__Htext9                                                   text9        000000
__LRAM                                                     (abs)        000001
__L__absolute__                                            __absolute__ 000000
__Labs1                                                    abs1         000000
__Lbank0                                                   bank0        000000
__Lbank1                                                   bank1        000000
__Lbank2                                                   bank2        000000
__Lbank3                                                   bank3        000000
__Lbank4                                                   bank4        000000
__Lbank5                                                   bank5        000000
__Lbank6                                                   bank6        000000
__Lbank7                                                   bank7        000000
__Lbigbss                                                  bigbss       000000
__Lbigdata                                                 bigdata      000000
__Lbigram                                                  bigram       000000
__Lbigsfr                                                  bigsfr       000000
__Lbss                                                     bss          000000
__LbssBANK0                                                bssBANK0     000000
__LbssCOMRAM                                               bssCOMRAM    000000
__Lcinit                                                   cinit        000000
__Lclrtext                                                 clrtext      000000
__Lcomram                                                  comram       000000
__Lconfig                                                  config       000000
__Lconst                                                   const        000000
__LcstackBANK0                                             cstackBANK0  000000
__LcstackCOMRAM                                            cstackCOMRAM 000000
__Ldata                                                    data         000000
__LdataCOMRAM                                              dataCOMRAM   000000
__Leeprom_data                                             eeprom_data  000000
__Lfarbss                                                  farbss       000000
__Lfardata                                                 fardata      000000
__Lheap                                                    heap         000000
__Libigdata                                                ibigdata     000000
__Lidata                                                   idata        000000
__LidataCOMRAM                                             idataCOMRAM  000000
__Lidloc                                                   idloc        000000
__Lifardata                                                ifardata     000000
__Linit                                                    init         00000E
__Lintcode                                                 intcode      000008
__Lintcode_body                                            intcode_body 000000
__Lintcodelo                                               intcodelo    00000E
__Lintentry                                                intentry     000000
__Lintret                                                  intret       000000
__Lintsave_regs                                            intsave_regs 000000
__Lirdata                                                  irdata       000000
__Lmediumconst                                             mediumconst  000000
__LnvFARRAM                                                nvFARRAM     000000
__Lnvbit                                                   nvbit        000000
__Lnvrram                                                  nvrram       000000
__Lparam                                                   rparam       000000
__Lpowerup                                                 powerup      00000E
__Lram                                                     ram          000000
__Lramtop                                                  ramtop       000800
__Lrbit                                                    rbit         000000
__Lrbss                                                    rbss         000000
__Lrdata                                                   rdata        000000
__Lreset_vec                                               reset_vec    000000
__Lrparam                                                  rparam       000000
__Lsfr                                                     sfr          000000
__Lsmallconst                                              smallconst   000800
__Lspace_0                                                 (abs)        000000
__Lspace_1                                                 (abs)        000000
__Lspace_2                                                 (abs)        000000
__Lspace_4                                                 (abs)        000000
__Lstack                                                   stack        000000
__Lstruct                                                  struct       000000
__Ltemp                                                    temp         00004C
__Ltext                                                    text         000000
__Ltext0                                                   text0        000000
__Ltext1                                                   text1        000000
__Ltext10                                                  text10       000000
__Ltext11                                                  text11       000000
__Ltext12                                                  text12       000000
__Ltext13                                                  text13       000000
__Ltext14                                                  text14       000000
__Ltext15                                                  text15       000000
__Ltext16                                                  text16       000000
__Ltext17                                                  text17       000000
__Ltext18                                                  text18       000000
__Ltext19                                                  text19       000000
__Ltext2                                                   text2        000000
__Ltext20                                                  text20       000000
__Ltext21                                                  text21       000000
__Ltext22                                                  text22       000000
__Ltext23                                                  text23       000000
__Ltext24                                                  text24       000000
__Ltext25                                                  text25       000000
__Ltext26                                                  text26       000000
__Ltext27                                                  text27       000000
__Ltext3                                                   text3        000000
__Ltext4                                                   text4        000000
__Ltext5                                                   text5        000000
__Ltext6                                                   text6        000000
__Ltext7                                                   text7        000000
__Ltext8                                                   text8        000000
__Ltext9                                                   text9        000000
__S0                                                       (abs)        001663
__S1                                                       (abs)        000087
__S4                                                       (abs)        000000
__S5                                                       (abs)        000000
___ftadd                                                   text25       000A42
___ftadd@exp1                                              cstackCOMRAM 000036
___ftadd@exp2                                              cstackCOMRAM 000035
___ftadd@f1                                                cstackCOMRAM 00002B
___ftadd@f2                                                cstackCOMRAM 00002E
___ftadd@sign                                              cstackCOMRAM 000034
___ftdiv                                                   text24       000E2A
___ftdiv@cntr                                              cstackCOMRAM 000025
___ftdiv@exp                                               cstackCOMRAM 000029
___ftdiv@f1                                                cstackCOMRAM 00001C
___ftdiv@f2                                                cstackCOMRAM 00001F
___ftdiv@f3                                                cstackCOMRAM 000026
___ftdiv@sign                                              cstackCOMRAM 00002A
___ftmul                                                   text23       000D36
___ftmul@cntr                                              cstackCOMRAM 00001A
___ftmul@exp                                               cstackCOMRAM 000016
___ftmul@f1                                                cstackCOMRAM 00000D
___ftmul@f2                                                cstackCOMRAM 000010
___ftmul@f3_as_product                                     cstackCOMRAM 000017
___ftmul@sign                                              cstackCOMRAM 00001B
___ftpack                                                  text26       000FE2
___ftpack@arg                                              cstackCOMRAM 000001
___ftpack@exp                                              cstackCOMRAM 000004
___ftpack@sign                                             cstackCOMRAM 000005
___fttol                                                   text22       000F10
___fttol@exp1                                              cstackCOMRAM 000045
___fttol@f1                                                cstackCOMRAM 000037
___fttol@lval                                              cstackCOMRAM 000041
___fttol@sign1                                             cstackCOMRAM 000040
___heap_hi                                                 (abs)        000000
___heap_lo                                                 (abs)        000000
___inthi_sp                                                stack        000000
___intlo_sp                                                stack        000000
___lbtoft                                                  text21       001588
___lbtoft@c                                                cstackCOMRAM 00000C
___lwdiv                                                   text20       0013F4
___lwdiv@counter                                           cstackCOMRAM 000007
___lwdiv@dividend                                          cstackCOMRAM 000001
___lwdiv@divisor                                           cstackCOMRAM 000003
___lwdiv@quotient                                          cstackCOMRAM 000005
___lwmod                                                   text19       0014DC
___lwmod@counter                                           cstackCOMRAM 00000C
___lwmod@dividend                                          cstackCOMRAM 000008
___lwmod@divisor                                           cstackCOMRAM 00000A
___param_bank                                              (abs)        000000
___rparam_used                                             (abs)        000001
___sp                                                      stack        000000
__accesstop                                                (abs)        000060
__activetblptr                                             (abs)        000002
__end_of_BorraLCD                                          text12       001646
__end_of_ConfiguraLCD                                      text16       001606
__end_of_DireccionaLCD                                     text6        001632
__end_of_EnviaDato                                         text13       0014DC
__end_of_EscribeLCD_c                                      text5        00161C
__end_of_HabilitaLCD                                       text15       001654
__end_of_ISR                                               intcode_body 0015D0
__end_of_InicializaLCD                                     text11       00112C
__end_of_MensajeLCD_Var                                    text2        001238
__end_of_RetardoLCD                                        text14       0013F4
__end_of_Transmitir                                        text8        001660
__end_of___ftadd                                           text25       000BEA
__end_of___ftdiv                                           text24       000F10
__end_of___ftmul                                           text23       000E2A
__end_of___ftpack                                          text26       001090
__end_of___fttol                                           text22       000FE2
__end_of___lbtoft                                          text21       0015AC
__end_of___lwdiv                                           text20       001446
__end_of___lwmod                                           text19       00151E
__end_of__initialization                                   cinit        00157A
__end_of_check_potentiometer_voltaje                       text27       0015EE
__end_of_choose_scale_temperature_and_fill_buffers         text17       000A42
__end_of_dpowers                                           smallconst   00080B
__end_of_init_configuration                                text10       0012BA
__end_of_main                                              text0        00138E
__end_of_save_temperature_c_EEPROM                         text9        001662
__end_of_send_temperature_RS232                            text7        001496
__end_of_show_temperature_LCD                              text4        0011B4
__end_of_show_temperature_c_RGB                            text3        001326
__end_of_sprintf                                           text18       000D36
__end_of_welcome_operations                                text1        00155E
__initialization                                           cinit        00155E
__mediumconst                                              mediumconst  000000
__pbssBANK0                                                bssBANK0     000084
__pbssCOMRAM                                               bssCOMRAM    00004A
__pcinit                                                   cinit        00155E
__pcstackBANK0                                             cstackBANK0  000060
__pcstackCOMRAM                                            cstackCOMRAM 000001
__pdataCOMRAM                                              dataCOMRAM   00004B
__pidataCOMRAM                                             idataCOMRAM  001662
__pintcode                                                 intcode      000008
__pintcode_body                                            intcode_body 0015AC
__psmallconst                                              smallconst   000800
__ptext0                                                   text0        001326
__ptext1                                                   text1        00151E
__ptext10                                                  text10       001238
__ptext11                                                  text11       001090
__ptext12                                                  text12       001632
__ptext13                                                  text13       001496
__ptext14                                                  text14       00138E
__ptext15                                                  text15       001646
__ptext16                                                  text16       0015EE
__ptext17                                                  text17       000862
__ptext18                                                  text18       000BEA
__ptext19                                                  text19       0014DC
__ptext2                                                   text2        0011B4
__ptext20                                                  text20       0013F4
__ptext21                                                  text21       001588
__ptext22                                                  text22       000F10
__ptext23                                                  text23       000D36
__ptext24                                                  text24       000E2A
__ptext25                                                  text25       000A42
__ptext26                                                  text26       000FE2
__ptext27                                                  text27       0015D0
__ptext3                                                   text3        0012BA
__ptext4                                                   text4        00112C
__ptext5                                                   text5        001606
__ptext6                                                   text6        00161C
__ptext7                                                   text7        001446
__ptext8                                                   text8        001654
__ptext9                                                   text9        001660
__ramtop                                                   ramtop       000800
__smallconst                                               smallconst   000800
_check_potentiometer_voltaje                               text27       0015D0
_choose_scale_temperature_and_fill_buffers                 text17       000862
_dpowers                                                   smallconst   000801
_init_configuration                                        text10       001238
_interfaz                                                  dataCOMRAM   00004B
_main                                                      text0        001326
_save_temperature_c_EEPROM                                 text9        001660
_send_temperature_RS232                                    text7        001446
_show_temperature_LCD                                      text4        00112C
_show_temperature_c_RGB                                    text3        0012BA
_sprintf                                                   text18       000BEA
_welcome_operations                                        text1        00151E
btemp                                                      temp         00004C
choose_scale_temperature_and_fill_buffers@buffer_LCD_row_1 cstackCOMRAM 000046
choose_scale_temperature_and_fill_buffers@buffer_LCD_row_2 cstackCOMRAM 000047
choose_scale_temperature_and_fill_buffers@temp_converted   cstackCOMRAM 000048
end_of_initialization                                      cinit        00157A
int$flags                                                  temp         00004C
int_func                                                   intcode_body 0015AC
intlevel0                                                  text         000000
intlevel1                                                  text         000000
intlevel2                                                  text         000000
intlevel3                                                  text         000000
isa$std                                                    (abs)        000001
isa$xinst                                                  (abs)        000000
main@Hum_n1                                                cstackBANK0  000083
main@Temp_n1                                               cstackBANK0  000082
main@buffer_LCD_row_1                                      cstackBANK0  000060
main@buffer_LCD_row_2                                      cstackBANK0  000071
send_temperature_RS232@buffer_RS232                        cstackCOMRAM 00001C
send_temperature_RS232@counter                             cstackCOMRAM 000028
show_temperature_LCD@Hum_n1                                cstackCOMRAM 000009
show_temperature_LCD@Temp_n1                               cstackCOMRAM 000008
show_temperature_LCD@buffer_LCD_row_1                      cstackCOMRAM 000006
show_temperature_LCD@buffer_LCD_row_2                      cstackCOMRAM 000007
show_temperature_LCD@counter                               cstackCOMRAM 00000A
sprintf@ap                                                 cstackCOMRAM 000016
sprintf@c                                                  cstackCOMRAM 000019
sprintf@f                                                  cstackCOMRAM 00000E
sprintf@flag                                               cstackCOMRAM 000014
sprintf@prec                                               cstackCOMRAM 000015
sprintf@sp                                                 cstackCOMRAM 00000D
sprintf@val                                                cstackCOMRAM 000017
stackhi                                                    (abs)        000000
stacklo                                                    (abs)        000000
start                                                      init         00000E
start_initialization                                       cinit        00155E
ttemp5                                                     temp         00004D
ttemp6                                                     temp         000050
ttemp7                                                     temp         000054
wtemp8                                                     temp         00004D


MODULE INFORMATION

Module		Function		Class		Link	Load	Size
/opt/microchip/xc8/v2.41/pic/sources/c90/common/float.c
		___ftpack      		CODE           	0FE2	0000	174

/opt/microchip/xc8/v2.41/pic/sources/c90/common/float.c estimated size: 174

/opt/microchip/xc8/v2.41/pic/sources/c90/common/lwmod.c
		___lwmod       		CODE           	14DC	0000	66

/opt/microchip/xc8/v2.41/pic/sources/c90/common/lwmod.c estimated size: 66

/home/esteban/Esteban/UN/semester12/Microcontroladores/MPLAB_X_IDE/lab05_ADC.X/LAB05.c
		_save_temperature_c_EEPROM		CODE           	1660	0000	2
		_ISR           		CODE           	0008	0000	42
		_main          		CODE           	1326	0000	104
		_send_temperature_RS232		CODE           	1446	0000	80
		_init_configuration		CODE           	1238	0000	130
		_welcome_operations		CODE           	151E	0000	64
		_Transmitir    		CODE           	1654	0000	12
		_show_temperature_c_RGB		CODE           	12BA	0000	108
		_choose_scale_temperature_and_fill_buffers		CODE           	0862	0000	480
		_check_potentiometer_voltaje		CODE           	15D0	0000	30
		_show_temperature_LCD		CODE           	112C	0000	136

/home/esteban/Esteban/UN/semester12/Microcontroladores/MPLAB_X_IDE/lab05_ADC.X/LAB05.c estimated size: 1188

/opt/microchip/xc8/v2.41/pic/sources/c90/common/lbtoft.c
		___lbtoft      		CODE           	1588	0000	36

/opt/microchip/xc8/v2.41/pic/sources/c90/common/lbtoft.c estimated size: 36

/opt/microchip/xc8/v2.41/pic/sources/c90/common/ftmul.c
		___ftmul       		CODE           	0D36	0000	244

/opt/microchip/xc8/v2.41/pic/sources/c90/common/ftmul.c estimated size: 244

/opt/microchip/xc8/v2.41/pic/sources/c90/common/ftdiv.c
		___ftdiv       		CODE           	0E2A	0000	230

/opt/microchip/xc8/v2.41/pic/sources/c90/common/ftdiv.c estimated size: 230

/opt/microchip/xc8/v2.41/pic/sources/c90/common/doprnt.c
		_sprintf       		CODE           	0BEA	0000	332

/opt/microchip/xc8/v2.41/pic/sources/c90/common/doprnt.c estimated size: 332

/opt/microchip/xc8/v2.41/pic/sources/c90/common/lwdiv.c
		___lwdiv       		CODE           	13F4	0000	82

/opt/microchip/xc8/v2.41/pic/sources/c90/common/lwdiv.c estimated size: 82

/opt/microchip/xc8/v2.41/pic/sources/c90/common/fttol.c
		___fttol       		CODE           	0F10	0000	210

/opt/microchip/xc8/v2.41/pic/sources/c90/common/fttol.c estimated size: 210

shared
		_dpowers       		SMALLCONST     	0801	0000	10
		__initialization		CODE           	155E	0000	28

shared estimated size: 38

/opt/microchip/xc8/v2.41/pic/sources/c90/common/ftadd.c
		___ftadd       		CODE           	0A42	0000	424

/opt/microchip/xc8/v2.41/pic/sources/c90/common/ftadd.c estimated size: 424

/home/esteban/Esteban/UN/semester12/Microcontroladores/MPLAB_X_IDE/lab05_ADC.X/LibLCDXC8.h
		_DireccionaLCD 		CODE           	161C	0000	22
		_InicializaLCD 		CODE           	1090	0000	156
		_EnviaDato     		CODE           	1496	0000	70
		_MensajeLCD_Var		CODE           	11B4	0000	132
		_EscribeLCD_c  		CODE           	1606	0000	22
		_HabilitaLCD   		CODE           	1646	0000	14
		_ConfiguraLCD  		CODE           	15EE	0000	24
		_BorraLCD      		CODE           	1632	0000	20
		_RetardoLCD    		CODE           	138E	0000	102

/home/esteban/Esteban/UN/semester12/Microcontroladores/MPLAB_X_IDE/lab05_ADC.X/LibLCDXC8.h estimated size: 562

