Microchip MPLAB XC8 Compiler V2.32

Linker command line:

-W-3 --edf=C:\Program Files\Microchip\xc8\v2.32\pic\dat\en_msgs.txt -cn \
  -h+dist/default/production\PruebaADC.X.production.sym \
  --cmf=dist/default/production\PruebaADC.X.production.cmf -z -Q18F4550 \
  -oC:\Users\usr\AppData\Local\Temp\xcAs92k.4 \
  -Mdist/default/production/PruebaADC.X.production.map -E1 \
  -ver=XC8 Compiler -ASTACK=060h-07FFh -pstack=STACK -ACODE=00h-07FFFh \
  -ACONST=00h-07FFFh -ASMALLCONST=0800h-08FFhx120 \
  -AMEDIUMCONST=0800h-07FFFh -ACOMRAM=01h-05Fh -AABS1=00h-07FFh \
  -ABIGRAM=01h-07FFh -ARAM=060h-0FFh,0100h-01FFhx7 -ABANK0=060h-0FFh \
  -ABANK1=0100h-01FFh -ABANK2=0200h-02FFh -ABANK3=0300h-03FFh \
  -ABANK4=0400h-04FFh -ABANK5=0500h-05FFh -ABANK6=0600h-06FFh \
  -ABANK7=0700h-07FFh -ASFR=0F60h-0FFFh -ACONFIG=0300000h-030000Dh \
  -AIDLOC=0200000h-0200007h -AEEDATA=0F00000h-0F000FFh -peeprom_data=EEDATA \
  -preset_vec=00h,intcode=08h,intcodelo,powerup,init -pramtop=0800h \
  -psmallconst=SMALLCONST -pmediumconst=MEDIUMCONST -pconst=CONST \
  -AFARRAM=00h-00h \
  -prdata=COMRAM,nvrram=COMRAM,nvbit=COMRAM,rbss=COMRAM,rbit=COMRAM \
  -pfarbss=FARRAM,fardata=FARRAM,nvFARRAM=FARRAM \
  -pintsave_regs=BIGRAM,bigbss=BIGRAM,bigdata=BIGRAM -pbss=RAM \
  -pidata=CODE,irdata=CODE,ibigdata=CODE,ifardata=CODE -prparam=COMRAM \
  C:\Users\usr\AppData\Local\Temp\xcAs92k.obj \
  dist/default/production\PruebaADC.X.production.obj 

Object code version is 3.11

Machine type is 18F4550



                Name                               Link     Load   Length Selector   Space Scale
C:\Users\usr\AppData\Local\Temp\xcAs92k.obj
                idloc                            200000   200000        8        0       5
                config                           300000   300000        E        0       4
                init                                  E        E        4        4       0
                reset_vec                             0        0        4        0       0
dist/default/production\PruebaADC.X.production.obj
                intcode                               8        8        6        4       0
                idloc                            200000   200000        8        0       5
                config                           300000   300000        E        0       4
                temp                                 1F       1F        1        1       1
                smallconst                          800      800       18      400       0
                intcode_body                        DE2      DE2       24      40C       0
                text13                              E06      E06       18      40C       0
                text12                              D98      D98       26      40C       0
                text11                              E5E      E5E        E      40C       0
                text10                              C40      C40       56      40C       0
                text9                               CE8      CE8       46      40C       0
                text8                               E34      E34       16      40C       0
                text7                               E1E      E1E       16      40C       0
                text6                               C96      C96       52      40C       0
                text5                               D2E      D2E       42      40C       0
                text4                               818      818      2D4      40C       0
                text3                               E4A      E4A       14      40C       0
                text2                               BA4      BA4       9C      40C       0
                text1                               D70      D70       28      40C       0
                text0                               AEC      AEC       B8      40C       0
                cstackCOMRAM                          1        1       1B        1       1
                dataCOMRAM                           1E       1E        1        1       1
                bssCOMRAM                            1C       1C        2        1       1
                cinit                               DBE      DBE       24      40C       0
                idataCOMRAM                         E6C      E6C        1      40C       0

TOTAL           Name                               Link     Load   Length     Space
        CLASS   STACK          

        CLASS   CODE           
                intcode                               8        8        6         0
                init                                  E        E        4         0
                reset_vec                             0        0        4         0
                intcode_body                        DE2      DE2       24         0
                text13                              E06      E06       18         0
                text12                              D98      D98       26         0
                text11                              E5E      E5E        E         0
                text10                              C40      C40       56         0
                text9                               CE8      CE8       46         0
                text8                               E34      E34       16         0
                text7                               E1E      E1E       16         0
                text6                               C96      C96       52         0
                text5                               D2E      D2E       42         0
                text4                               818      818      2D4         0
                text3                               E4A      E4A       14         0
                text2                               BA4      BA4       9C         0
                text1                               D70      D70       28         0
                text0                               AEC      AEC       B8         0
                cinit                               DBE      DBE       24         0
                idataCOMRAM                         E6C      E6C        1         0

        CLASS   CONST          

        CLASS   SMALLCONST     
                smallconst                          800      800       18         0

        CLASS   MEDIUMCONST    

        CLASS   COMRAM         
                temp                                 1F       1F        1         1
                cstackCOMRAM                          1        1       1B         1
                dataCOMRAM                           1E       1E        1         1
                bssCOMRAM                            1C       1C        2         1

        CLASS   ABS1           

        CLASS   BIGRAM         

        CLASS   RAM            

        CLASS   BANK0          

        CLASS   BANK1          

        CLASS   BANK2          

        CLASS   BANK3          

        CLASS   BANK4          

        CLASS   BANK5          

        CLASS   BANK6          

        CLASS   BANK7          

        CLASS   SFR            

        CLASS   CONFIG         
                config                           300000   300000        E         4

        CLASS   IDLOC          
                idloc                            200000   200000        8         5

        CLASS   EEDATA         

        CLASS   FARRAM         



SEGMENTS        Name                           Load    Length   Top    Selector   Space  Class

                reset_vec                      000000  000004  000004         0       0  CODE    
                cstackCOMRAM                   000001  00001F  000020         1       1  COMRAM  
                intcode                        000008  00000A  000012         4       0  CODE    
                smallconst                     000800  000018  000818       400       0  SMALLCON
                text4                          000818  000655  000E6D       40C       0  CODE    


UNUSED ADDRESS RANGES

        Name                Unused          Largest block    Delta
        BANK0            000060-0000FF               A0
        BANK1            000100-0001FF              100
        BANK2            000200-0002FF              100
        BANK3            000300-0003FF              100
        BANK4            000400-0004FF              100
        BANK5            000500-0005FF              100
        BANK6            000600-0006FF              100
        BANK7            000700-0007FF              100
        BIGRAM           000020-0007FF              7E0
        CODE             000004-000007                4
                         000012-0007FF              7EE
                         000E6D-007FFF             7193
        COMRAM           000020-00005F               40
        CONST            000004-000007                4
                         000012-0007FF              7EE
                         000E6D-007FFF             7193
        EEDATA           F00000-F000FF              100
        MEDIUMCONST      000E6D-007FFF             7193
        RAM              000060-0007FF              100
        SFR              000F60-000FFF               A0
        SMALLCONST       000E6D-007FFF              100
        STACK            000060-0007FF              7A0

                                  Symbol Table

?_Conversion             cstackCOMRAM 000001
?___lwdiv                cstackCOMRAM 000006
?___lwmod                cstackCOMRAM 000001
ConfiguraLCD@a           cstackCOMRAM 000001
Conversion@canal         cstackCOMRAM 000004
DireccionaLCD@a          cstackCOMRAM 000005
EnviaDato@a              cstackCOMRAM 000004
EscribeLCD_c@a           cstackCOMRAM 000005
EscribeLCD_n16@a         cstackCOMRAM 00000D
EscribeLCD_n16@b         cstackCOMRAM 00000F
EscribeLCD_n16@centena   cstackCOMRAM 000012
EscribeLCD_n16@decena    cstackCOMRAM 000014
EscribeLCD_n16@millar    cstackCOMRAM 000010
EscribeLCD_n16@unidad    cstackCOMRAM 000015
MensajeLCD_Var@a         cstackCOMRAM 000006
RetardoLCD@a             cstackCOMRAM 000002
_ADCON0                  (abs)        000FC2
_ADCON1                  (abs)        000FC1
_ADCON2                  (abs)        000FC0
_ADRES                   (abs)        000FC3
_BorraLCD                text3        000E4A
_CCP1CON                 (abs)        000FBD
_CCPR1                   (abs)        000FBE
_ConfiguraLCD            text13       000E06
_Conversion              text12       000D98
_DireccionaLCD           text8        000E34
_EnviaDato               text9        000CE8
_EscribeLCD_c            text7        000E1E
_EscribeLCD_n16          text4        000818
_GO                      (abs)        007E11
_HabilitaLCD             text11       000E5E
_ISR                     intcode      000008
_InicializaLCD           text2        000BA4
_LATD                    (abs)        000F8C
_LATD0                   (abs)        007C60
_LATD1                   (abs)        007C61
_MensajeLCD_Var          text1        000D70
_RetardoLCD              text10       000C40
_TMR1                    (abs)        000FCE
_TMR1IF                  (abs)        007CF0
_TRISD                   (abs)        000F95
__HRAM                   (abs)        000000
__Habs1                  abs1         000000
__Hbank0                 bank0        000000
__Hbank1                 bank1        000000
__Hbank2                 bank2        000000
__Hbank3                 bank3        000000
__Hbank4                 bank4        000000
__Hbank5                 bank5        000000
__Hbank6                 bank6        000000
__Hbank7                 bank7        000000
__Hbigbss                bigbss       000000
__Hbigdata               bigdata      000000
__Hbigram                bigram       000000
__Hbss                   bss          000000
__HbssCOMRAM             bssCOMRAM    000000
__Hcinit                 cinit        000000
__Hclrtext               clrtext      000000
__Hcomram                comram       000000
__Hconfig                config       30000E
__Hconst                 const        000000
__HcstackCOMRAM          cstackCOMRAM 000000
__Hdata                  data         000000
__HdataCOMRAM            dataCOMRAM   000000
__Heeprom_data           eeprom_data  000000
__Hfarbss                farbss       000000
__Hfardata               fardata      000000
__Hibigdata              ibigdata     000000
__Hidata                 idata        000000
__HidataCOMRAM           idataCOMRAM  000000
__Hidloc                 idloc        200008
__Hifardata              ifardata     000000
__Hinit                  init         000012
__Hintcode               intcode      00000E
__Hintcode_body          intcode_body 000000
__Hintcodelo             intcodelo    00000E
__Hintentry              intentry     000000
__Hintret                intret       000000
__Hintsave_regs          intsave_regs 000000
__Hirdata                irdata       000000
__Hmediumconst           mediumconst  000000
__HnvFARRAM              nvFARRAM     000000
__Hnvbit                 nvbit        000000
__Hnvrram                nvrram       000000
__Hparam                 rparam       000000
__Hpowerup               powerup      00000E
__Hram                   ram          000000
__Hramtop                ramtop       000800
__Hrbit                  rbit         000000
__Hrbss                  rbss         000000
__Hrdata                 rdata        000000
__Hreset_vec             reset_vec    000004
__Hrparam                rparam       000000
__Hsfr                   sfr          000000
__Hsmallconst            smallconst   000818
__Hspace_0               (abs)        000E6D
__Hspace_1               (abs)        000020
__Hspace_2               (abs)        000000
__Hspace_4               (abs)        60000E
__Hstack                 stack        000000
__Hstruct                struct       000000
__Htemp                  temp         000020
__Htext                  text         000000
__Htext0                 text0        000000
__Htext1                 text1        000000
__Htext10                text10       000000
__Htext11                text11       000000
__Htext12                text12       000000
__Htext13                text13       000000
__Htext2                 text2        000000
__Htext3                 text3        000000
__Htext4                 text4        000000
__Htext5                 text5        000000
__Htext6                 text6        000000
__Htext7                 text7        000000
__Htext8                 text8        000000
__Htext9                 text9        000000
__LRAM                   (abs)        000001
__Labs1                  abs1         000000
__Lbank0                 bank0        000000
__Lbank1                 bank1        000000
__Lbank2                 bank2        000000
__Lbank3                 bank3        000000
__Lbank4                 bank4        000000
__Lbank5                 bank5        000000
__Lbank6                 bank6        000000
__Lbank7                 bank7        000000
__Lbigbss                bigbss       000000
__Lbigdata               bigdata      000000
__Lbigram                bigram       000000
__Lbss                   bss          000000
__LbssCOMRAM             bssCOMRAM    000000
__Lcinit                 cinit        000000
__Lclrtext               clrtext      000000
__Lcomram                comram       000000
__Lconfig                config       000000
__Lconst                 const        000000
__LcstackCOMRAM          cstackCOMRAM 000000
__Ldata                  data         000000
__LdataCOMRAM            dataCOMRAM   000000
__Leeprom_data           eeprom_data  000000
__Lfarbss                farbss       000000
__Lfardata               fardata      000000
__Libigdata              ibigdata     000000
__Lidata                 idata        000000
__LidataCOMRAM           idataCOMRAM  000000
__Lidloc                 idloc        000000
__Lifardata              ifardata     000000
__Linit                  init         00000E
__Lintcode               intcode      000008
__Lintcode_body          intcode_body 000000
__Lintcodelo             intcodelo    00000E
__Lintentry              intentry     000000
__Lintret                intret       000000
__Lintsave_regs          intsave_regs 000000
__Lirdata                irdata       000000
__Lmediumconst           mediumconst  000000
__LnvFARRAM              nvFARRAM     000000
__Lnvbit                 nvbit        000000
__Lnvrram                nvrram       000000
__Lparam                 rparam       000000
__Lpowerup               powerup      00000E
__Lram                   ram          000000
__Lramtop                ramtop       000800
__Lrbit                  rbit         000000
__Lrbss                  rbss         000000
__Lrdata                 rdata        000000
__Lreset_vec             reset_vec    000000
__Lrparam                rparam       000000
__Lsfr                   sfr          000000
__Lsmallconst            smallconst   000800
__Lspace_0               (abs)        000000
__Lspace_1               (abs)        000000
__Lspace_2               (abs)        000000
__Lspace_4               (abs)        000000
__Lstack                 stack        000000
__Lstruct                struct       000000
__Ltemp                  temp         00001F
__Ltext                  text         000000
__Ltext0                 text0        000000
__Ltext1                 text1        000000
__Ltext10                text10       000000
__Ltext11                text11       000000
__Ltext12                text12       000000
__Ltext13                text13       000000
__Ltext2                 text2        000000
__Ltext3                 text3        000000
__Ltext4                 text4        000000
__Ltext5                 text5        000000
__Ltext6                 text6        000000
__Ltext7                 text7        000000
__Ltext8                 text8        000000
__Ltext9                 text9        000000
__S0                     (abs)        000E6D
__S1                     (abs)        000020
__S2                     (abs)        000000
__S4                     (abs)        000000
__S5                     (abs)        000000
___inthi_sp              stack        000000
___intlo_sp              stack        000000
___lwdiv                 text6        000C96
___lwdiv@counter         cstackCOMRAM 00000C
___lwdiv@dividend        cstackCOMRAM 000006
___lwdiv@divisor         cstackCOMRAM 000008
___lwdiv@quotient        cstackCOMRAM 00000A
___lwmod                 text5        000D2E
___lwmod@counter         cstackCOMRAM 000005
___lwmod@dividend        cstackCOMRAM 000001
___lwmod@divisor         cstackCOMRAM 000003
___param_bank            (abs)        000000
___rparam_used           (abs)        000001
___sp                    stack        000000
__accesstop              (abs)        000060
__activetblptr           (abs)        000002
__end_of_BorraLCD        text3        000E5E
__end_of_ConfiguraLCD    text13       000E1E
__end_of_Conversion      text12       000DBE
__end_of_DireccionaLCD   text8        000E4A
__end_of_EnviaDato       text9        000D2E
__end_of_EscribeLCD_c    text7        000E34
__end_of_EscribeLCD_n16  text4        000AEC
__end_of_HabilitaLCD     text11       000E6C
__end_of_ISR             intcode_body 000E06
__end_of_InicializaLCD   text2        000C40
__end_of_MensajeLCD_Var  text1        000D98
__end_of_RetardoLCD      text10       000C96
__end_of___lwdiv         text6        000CE8
__end_of___lwmod         text5        000D70
__end_of__initialization cinit        000DD4
__end_of_main            text0        000BA4
__initialization         cinit        000DBE
__mediumconst            mediumconst  000000
__pbssCOMRAM             bssCOMRAM    00001C
__pcinit                 cinit        000DBE
__pcstackCOMRAM          cstackCOMRAM 000001
__pdataCOMRAM            dataCOMRAM   00001E
__pidataCOMRAM           idataCOMRAM  000E6C
__pintcode               intcode      000008
__pintcode_body          intcode_body 000DE2
__psmallconst            smallconst   000800
__ptext0                 text0        000AEC
__ptext1                 text1        000D70
__ptext10                text10       000C40
__ptext11                text11       000E5E
__ptext12                text12       000D98
__ptext13                text13       000E06
__ptext2                 text2        000BA4
__ptext3                 text3        000E4A
__ptext4                 text4        000818
__ptext5                 text5        000D2E
__ptext6                 text6        000C96
__ptext7                 text7        000E1E
__ptext8                 text8        000E34
__ptext9                 text9        000CE8
__ramtop                 ramtop       000800
__size_of_BorraLCD       (abs)        000000
__size_of_ConfiguraLCD   (abs)        000000
__size_of_Conversion     (abs)        000000
__size_of_DireccionaLCD  (abs)        000000
__size_of_EnviaDato      (abs)        000000
__size_of_EscribeLCD_c   (abs)        000000
__size_of_EscribeLCD_n16 (abs)        000000
__size_of_HabilitaLCD    (abs)        000000
__size_of_ISR            (abs)        000000
__size_of_InicializaLCD  (abs)        000000
__size_of_MensajeLCD_Var (abs)        000000
__size_of_RetardoLCD     (abs)        000000
__size_of___lwdiv        (abs)        000000
__size_of___lwmod        (abs)        000000
__size_of_main           (abs)        000000
__smallconst             smallconst   000800
_aux                     bssCOMRAM    00001C
_interfaz                dataCOMRAM   00001E
_main                    text0        000AEC
btemp                    temp         00001F
end_of_initialization    cinit        000DD4
int$flags                temp         00001F
int_func                 intcode_body 000DE2
intlevel0                text         000000
intlevel1                text         000000
intlevel2                text         000000
intlevel3                text         000000
isa$std                  (abs)        000001
isa$xinst                (abs)        000000
main@resultado1          cstackCOMRAM 000018
main@resultado2          cstackCOMRAM 00001A
stackhi                  (abs)        0007FF
stacklo                  (abs)        000060
start                    init         00000E
start_initialization     cinit        000DBE
ttemp5                   temp         000020
ttemp6                   temp         000023
ttemp7                   temp         000027
wtemp8                   temp         000020


MODULE INFORMATION

Module		Function		Class		Link	Load	Size
PruebaADC.c
		_ISR           		CODE           	0008	0000	42
		_main          		CODE           	0AEC	0000	184
		_Conversion    		CODE           	0D98	0000	38

PruebaADC.c estimated size: 264

LibLCDXC8.h
		_DireccionaLCD 		CODE           	0E34	0000	22
		_InicializaLCD 		CODE           	0BA4	0000	156
		_EnviaDato     		CODE           	0CE8	0000	70
		_MensajeLCD_Var		CODE           	0D70	0000	40
		_EscribeLCD_c  		CODE           	0E1E	0000	22
		_HabilitaLCD   		CODE           	0E5E	0000	14
		_ConfiguraLCD  		CODE           	0E06	0000	24
		_EscribeLCD_n16		CODE           	0818	0000	724
		_BorraLCD      		CODE           	0E4A	0000	20
		_RetardoLCD    		CODE           	0C40	0000	86

LibLCDXC8.h estimated size: 1178

C:\Program Files\Microchip\xc8\v2.32\pic\sources\c90\common\lwmod.c
		___lwmod       		CODE           	0D2E	0000	66

C:\Program Files\Microchip\xc8\v2.32\pic\sources\c90\common\lwmod.c estimated size: 66

shared
		__initialization		CODE           	0DBE	0000	22

shared estimated size: 22

C:\Program Files\Microchip\xc8\v2.32\pic\sources\c90\common\lwdiv.c
		___lwdiv       		CODE           	0C96	0000	82

C:\Program Files\Microchip\xc8\v2.32\pic\sources\c90\common\lwdiv.c estimated size: 82

