Microchip MPLAB XC8 Compiler V2.41

Linker command line:

-W-3 --edf=/opt/microchip/xc8/v2.41/pic/dat/20230208172133_en.msgs -cn \
  -h+dist/default/debug/lab05_ADC.X.debug.sym \
  --cmf=dist/default/debug/lab05_ADC.X.debug.cmf -z -Q18F4550 \
  -o/tmp/xcXPMFaNo/driver_tmp_3.obj \
  -Mdist/default/debug/lab05_ADC.X.debug.map \
  --md=/tmp/xcXPMFaNo/driver_tmp_0.dat -E1 -ver=XC8 Compiler \
  -ACODE=00h-07D3Fh -ACONST=00h-07D3Fh \
  -ASMALLCONST=0800h-08FFhx117,07D00h-07D3Fh -AMEDIUMCONST=0800h-07D3Fh \
  -ACOMRAM=01h-05Fh -AABS1=00h-03EEh,0400h-07FFh \
  -ABIGRAM=01h-03EEh,0400h-07FFh \
  -ARAM=060h-0FFh,0100h-01FFhx2,0300h-03EEh,0400h-04FFhx4 -ABANK0=060h-0FFh \
  -ABANK1=0100h-01FFh -ABANK2=0200h-02FFh -ABANK3=0300h-03EEh \
  -ABANK4=0400h-04FFh -ABANK5=0500h-05FFh -ABANK6=0600h-06FFh \
  -ABANK7=0700h-07FFh \
  -ASFR=0F60h-0F9Bh,0F9Dh-0FD3h,0FD5h-0FDAh,0FE0h-0FE2h,0FE8h-0FEAh,0FF0h-0FFBh \
  -ABIGSFR=0F60h-0F9Bh,0F9Dh-0FD3h,0FD5h-0FDAh,0FE0h-0FE2h,0FE8h-0FEAh,0FF0h-0FFBh \
  -ACONFIG=0300000h-030000Dh -AIDLOC=0200000h-0200007h \
  -AEEDATA=0F00000h-0F000FFh -peeprom_data=EEDATA \
  -preset_vec=00h,intcode=08h,intcodelo,powerup,init -pramtop=0800h \
  -psmallconst=SMALLCONST -pmediumconst=MEDIUMCONST -pconst=CONST \
  -AFARRAM=00h-00h \
  -prdata=COMRAM,nvrram=COMRAM,nvbit=COMRAM,rbss=COMRAM,rbit=COMRAM \
  -pfarbss=FARRAM,fardata=FARRAM,nvFARRAM=FARRAM \
  -pintsave_regs=BIGRAM,bigbss=BIGRAM,bigdata=BIGRAM -pbss=RAM \
  -pidata=CODE,irdata=CODE,ibigdata=CODE,ifardata=CODE -prparam=COMRAM \
  /tmp/xcXPMFaNo/driver_tmp_15.obj dist/default/debug/lab05_ADC.X.debug.obj 

Object code version is 3.11

Machine type is 18F4550



                Name                               Link     Load   Length Selector   Space Scale
/tmp/xcXPMFaNo/driver_tmp_15.obj
                idloc                            200000   200000        8        0       5
                config                           300000   300000        E        0       4
                init                                  E        E        4        4       0
                reset_vec                             0        0        6        0       0
dist/default/debug/lab05_ADC.X.debug.obj
                intcode                               8        8        6        4       0
                idloc                            200000   200000        8        0       5
                config                           300000   300000        E        0       4
                temp                                 4F       4F        1        1       1
                smallconst                          800      800       4C      400       0
                intcode_body                        E62      E62       22      426       0
                text21                              EDC      EDC        E      426       0
                text20                              B7A      B7A       66      426       0
                text19                              C96      C96       46      426       0
                text18                              EC8      EC8       14      426       0
                text17                              EB2      EB2       16      426       0
                text16                              E9C      E9C       16      426       0
                text15                              BE0      BE0       64      426       0
                text14                              E38      E38       2A      426       0
                text13                              C44      C44       52      426       0
                text12                              D62      D62       42      426       0
                text11                              84C      84C      14C      426       0
                text10                              998      998       C6      426       0
                text9                               E84      E84       18      426       0
                text8                               A5E      A5E       9C      426       0
                text7                               AFA      AFA       80      426       0
                text6                               F02      F02        2      781       0
                text5                               EEA      EEA        C      426       0
                text4                               CDC      CDC       44      426       0
                text3                               D20      D20       42      426       0
                text2                               EF6      EF6        8      426       0
                text1                               DDC      DDC       30      426       0
                text0                               E0C      E0C       2C      426       0
                cstackCOMRAM                         31       31       1B        1       1
                dataCOMRAM                           4C       4C        3        1       1
                bssCOMRAM                             1        1       30        1       1
                cinit                               DA4      DA4       38      426       0
                idataCOMRAM                         EFE      EFE        3      426       0

TOTAL           Name                               Link     Load   Length     Space
        CLASS   CODE           
                intcode                               8        8        6         0
                init                                  E        E        4         0
                reset_vec                             0        0        6         0
                intcode_body                        E62      E62       22         0
                text21                              EDC      EDC        E         0
                text20                              B7A      B7A       66         0
                text19                              C96      C96       46         0
                text18                              EC8      EC8       14         0
                text17                              EB2      EB2       16         0
                text16                              E9C      E9C       16         0
                text15                              BE0      BE0       64         0
                text14                              E38      E38       2A         0
                text13                              C44      C44       52         0
                text12                              D62      D62       42         0
                text11                              84C      84C      14C         0
                text10                              998      998       C6         0
                text9                               E84      E84       18         0
                text8                               A5E      A5E       9C         0
                text7                               AFA      AFA       80         0
                text6                               F02      F02        2         0
                text5                               EEA      EEA        C         0
                text4                               CDC      CDC       44         0
                text3                               D20      D20       42         0
                text2                               EF6      EF6        8         0
                text1                               DDC      DDC       30         0
                text0                               E0C      E0C       2C         0
                cinit                               DA4      DA4       38         0
                idataCOMRAM                         EFE      EFE        3         0

        CLASS   CONST          

        CLASS   SMALLCONST     
                smallconst                          800      800       4C         0

        CLASS   MEDIUMCONST    

        CLASS   COMRAM         
                temp                                 4F       4F        1         1
                cstackCOMRAM                         31       31       1B         1
                dataCOMRAM                           4C       4C        3         1
                bssCOMRAM                             1        1       30         1

        CLASS   ABS1           

        CLASS   BIGRAM         

        CLASS   RAM            

        CLASS   BANK0          

        CLASS   BANK1          

        CLASS   BANK2          

        CLASS   BANK3          

        CLASS   BANK4          

        CLASS   BANK5          

        CLASS   BANK6          

        CLASS   BANK7          

        CLASS   SFR            

        CLASS   BIGSFR         

        CLASS   CONFIG         
                config                           300000   300000        E         4

        CLASS   IDLOC          
                idloc                            200000   200000        8         5

        CLASS   EEDATA         

        CLASS   FARRAM         

        CLASS   HEAP           

        CLASS   STACK          



SEGMENTS        Name                           Load    Length   Top    Selector   Space  Class

                reset_vec                      000000  000006  000006         0       0  CODE    
                bssCOMRAM                      000001  00004F  000050         1       1  COMRAM  
                text11                         00084C  0006B5  000F01       426       0  CODE    
                text6                          000F02  000002  000F04       781       0  CODE    
                intcode                        000008  00000A  000012         4       0  CODE    
                smallconst                     000800  00004C  00084C       400       0  SMALLCON


UNUSED ADDRESS RANGES

        Name                Unused          Largest block    Delta
        BANK0            000060-0000FF               A0
        BANK1            000100-0001FF              100
        BANK2            000200-0002FF              100
        BANK3            000300-0003EE               EF
        BANK4            000400-0004FF              100
        BANK5            000500-0005FF              100
        BANK6            000600-0006FF              100
        BANK7            000700-0007FF              100
        BIGRAM           000050-0003EE              39F
                         000400-0007FF              400
        BIGSFR           000F60-000F9B               3C
                         000F9D-000FD3               37
                         000FD5-000FDA                6
                         000FE0-000FE2                3
                         000FE8-000FEA                3
                         000FF0-000FFB                C
        CODE             000006-000007                2
                         000012-0007FF              7EE
                         000F01-000F01                1
                         000F04-007D3F             6E3C
        COMRAM           000050-00005F               10
        CONST            000006-000007                2
                         000012-0007FF              7EE
                         000F01-000F01                1
                         000F04-007D3F             6E3C
        EEDATA           F00000-F000FF              100
        MEDIUMCONST      000F01-000F01                1
                         000F04-007D3F             6E3C
        RAM              000060-0003EE              100
                         000400-0007FF              100
        SFR              000F60-000F9B               3C
                         000F9D-000FD3               37
                         000FD5-000FDA                6
                         000FE0-000FE2                3
                         000FE8-000FEA                3
                         000FF0-000FFB                C
        SMALLCONST       000F01-000F01                1
                         000F04-007D3F              100

                                  Symbol Table

?___lwdiv                                          cstackCOMRAM 000031
?___lwmod                                          cstackCOMRAM 000038
?_sprintf                                          cstackCOMRAM 00003D
ConfiguraLCD@a                                     cstackCOMRAM 000031
DireccionaLCD@a                                    cstackCOMRAM 000035
EnviaDato@a                                        cstackCOMRAM 000034
EscribeLCD_c@a                                     cstackCOMRAM 000035
MensajeLCD_Var@a                                   cstackCOMRAM 000036
MensajeLCD_Var@counter                             cstackCOMRAM 000038
RetardoLCD@a                                       cstackCOMRAM 000032
Transmitir@BufferT                                 cstackCOMRAM 000031
_ADCON0                                            (abs)        000FC2
_ADCON1                                            (abs)        000FC1
_ADCON2                                            (abs)        000FC0
_ADON                                              (abs)        007E10
_ADRES                                             (abs)        000FC3
_BAUDCON                                           (abs)        000FB8
_BorraLCD                                          text18       000EC8
_Buffer_LCD                                        bssCOMRAM    000005
_Buffer_RS232                                      bssCOMRAM    000025
_Che                                               bssCOMRAM    000002
_ConfiguraLCD                                      text9        000E84
_DireccionaLCD                                     text17       000EB2
_Enable_sample                                     bssCOMRAM    000001
_EnviaDato                                         text19       000C96
_EscribeLCD_c                                      text16       000E9C
_GIE                                               (abs)        007F97
_GO                                                (abs)        007E11
_HabilitaLCD                                       text21       000EDC
_Hum                                               bssCOMRAM    000003
_ISR                                               intcode      000008
_InicializaLCD                                     text8        000A5E
_LATB0                                             (abs)        007C50
_LATC1                                             (abs)        007C59
_LATC2                                             (abs)        007C5A
_LATD                                              (abs)        000F8C
_LATD0                                             (abs)        007C60
_LATD1                                             (abs)        007C61
_LATE                                              (abs)        000F8D
_MensajeLCD_Var                                    text15       000BE0
_OSCCON                                            (abs)        000FD3
_PreloadTMR0                                       dataCOMRAM   00004C
_RA1                                               (abs)        007C01
_RA2                                               (abs)        007C02
_RB0                                               (abs)        007C08
_RC1                                               (abs)        007C11
_RC2                                               (abs)        007C12
_RCSTA                                             (abs)        000FAB
_RE0                                               (abs)        007C20
_RE1                                               (abs)        007C21
_RE2                                               (abs)        007C22
_RetardoLCD                                        text20       000B7A
_SPBRG                                             (abs)        000FAF
_T0CON                                             (abs)        000FD5
_TMR0                                              (abs)        000FD6
_TMR0IE                                            (abs)        007F95
_TMR0IF                                            (abs)        007F92
_TMR0ON                                            (abs)        007EAF
_TRISA                                             (abs)        000F92
_TRISB0                                            (abs)        007C98
_TRISC2                                            (abs)        007CA2
_TRISD                                             (abs)        000F95
_TRISE                                             (abs)        000F96
_TRMT                                              (abs)        007D61
_TXREG                                             (abs)        000FAD
_TXSTA                                             (abs)        000FAC
_Temp                                              bssCOMRAM    000004
_Transmitir                                        text5        000EEA
__HRAM                                             (abs)        000000
__H__absolute__                                    __absolute__ 000000
__Habs1                                            abs1         000000
__Hbank0                                           bank0        000000
__Hbank1                                           bank1        000000
__Hbank2                                           bank2        000000
__Hbank3                                           bank3        000000
__Hbank4                                           bank4        000000
__Hbank5                                           bank5        000000
__Hbank6                                           bank6        000000
__Hbank7                                           bank7        000000
__Hbigbss                                          bigbss       000000
__Hbigdata                                         bigdata      000000
__Hbigram                                          bigram       000000
__Hbigsfr                                          bigsfr       000000
__Hbss                                             bss          000000
__HbssCOMRAM                                       bssCOMRAM    000000
__Hcinit                                           cinit        000000
__Hclrtext                                         clrtext      000000
__Hcomram                                          comram       000000
__Hconfig                                          config       30000E
__Hconst                                           const        000000
__HcstackCOMRAM                                    cstackCOMRAM 000000
__Hdata                                            data         000000
__HdataCOMRAM                                      dataCOMRAM   000000
__Heeprom_data                                     eeprom_data  000000
__Hfarbss                                          farbss       000000
__Hfardata                                         fardata      000000
__Hheap                                            heap         000000
__Hibigdata                                        ibigdata     000000
__Hidata                                           idata        000000
__HidataCOMRAM                                     idataCOMRAM  000000
__Hidloc                                           idloc        200008
__Hifardata                                        ifardata     000000
__Hinit                                            init         000012
__Hintcode                                         intcode      00000E
__Hintcode_body                                    intcode_body 000000
__Hintcodelo                                       intcodelo    00000E
__Hintentry                                        intentry     000000
__Hintret                                          intret       000000
__Hintsave_regs                                    intsave_regs 000000
__Hirdata                                          irdata       000000
__Hmediumconst                                     mediumconst  000000
__HnvFARRAM                                        nvFARRAM     000000
__Hnvbit                                           nvbit        000000
__Hnvrram                                          nvrram       000000
__Hparam                                           rparam       000000
__Hpowerup                                         powerup      00000E
__Hram                                             ram          000000
__Hramtop                                          ramtop       000800
__Hrbit                                            rbit         000000
__Hrbss                                            rbss         000000
__Hrdata                                           rdata        000000
__Hreset_vec                                       reset_vec    000006
__Hrparam                                          rparam       000000
__Hsfr                                             sfr          000000
__Hsmallconst                                      smallconst   00084C
__Hspace_0                                         (abs)        000F04
__Hspace_1                                         (abs)        000050
__Hspace_2                                         (abs)        000000
__Hspace_4                                         (abs)        60000E
__Hstack                                           stack        000000
__Hstruct                                          struct       000000
__Htemp                                            temp         000050
__Htext                                            text         000000
__Htext0                                           text0        000000
__Htext1                                           text1        000000
__Htext10                                          text10       000000
__Htext11                                          text11       000000
__Htext12                                          text12       000000
__Htext13                                          text13       000000
__Htext14                                          text14       000000
__Htext15                                          text15       000000
__Htext16                                          text16       000000
__Htext17                                          text17       000000
__Htext18                                          text18       000000
__Htext19                                          text19       000000
__Htext2                                           text2        000000
__Htext20                                          text20       000000
__Htext21                                          text21       000000
__Htext3                                           text3        000000
__Htext4                                           text4        000000
__Htext5                                           text5        000000
__Htext6                                           text6        000000
__Htext7                                           text7        000000
__Htext8                                           text8        000000
__Htext9                                           text9        000000
__LRAM                                             (abs)        000001
__L__absolute__                                    __absolute__ 000000
__Labs1                                            abs1         000000
__Lbank0                                           bank0        000000
__Lbank1                                           bank1        000000
__Lbank2                                           bank2        000000
__Lbank3                                           bank3        000000
__Lbank4                                           bank4        000000
__Lbank5                                           bank5        000000
__Lbank6                                           bank6        000000
__Lbank7                                           bank7        000000
__Lbigbss                                          bigbss       000000
__Lbigdata                                         bigdata      000000
__Lbigram                                          bigram       000000
__Lbigsfr                                          bigsfr       000000
__Lbss                                             bss          000000
__LbssCOMRAM                                       bssCOMRAM    000000
__Lcinit                                           cinit        000000
__Lclrtext                                         clrtext      000000
__Lcomram                                          comram       000000
__Lconfig                                          config       000000
__Lconst                                           const        000000
__LcstackCOMRAM                                    cstackCOMRAM 000000
__Ldata                                            data         000000
__LdataCOMRAM                                      dataCOMRAM   000000
__Leeprom_data                                     eeprom_data  000000
__Lfarbss                                          farbss       000000
__Lfardata                                         fardata      000000
__Lheap                                            heap         000000
__Libigdata                                        ibigdata     000000
__Lidata                                           idata        000000
__LidataCOMRAM                                     idataCOMRAM  000000
__Lidloc                                           idloc        000000
__Lifardata                                        ifardata     000000
__Linit                                            init         00000E
__Lintcode                                         intcode      000008
__Lintcode_body                                    intcode_body 000000
__Lintcodelo                                       intcodelo    00000E
__Lintentry                                        intentry     000000
__Lintret                                          intret       000000
__Lintsave_regs                                    intsave_regs 000000
__Lirdata                                          irdata       000000
__Lmediumconst                                     mediumconst  000000
__LnvFARRAM                                        nvFARRAM     000000
__Lnvbit                                           nvbit        000000
__Lnvrram                                          nvrram       000000
__Lparam                                           rparam       000000
__Lpowerup                                         powerup      00000E
__Lram                                             ram          000000
__Lramtop                                          ramtop       000800
__Lrbit                                            rbit         000000
__Lrbss                                            rbss         000000
__Lrdata                                           rdata        000000
__Lreset_vec                                       reset_vec    000000
__Lrparam                                          rparam       000000
__Lsfr                                             sfr          000000
__Lsmallconst                                      smallconst   000800
__Lspace_0                                         (abs)        000000
__Lspace_1                                         (abs)        000000
__Lspace_2                                         (abs)        000000
__Lspace_4                                         (abs)        000000
__Lstack                                           stack        000000
__Lstruct                                          struct       000000
__Ltemp                                            temp         00004F
__Ltext                                            text         000000
__Ltext0                                           text0        000000
__Ltext1                                           text1        000000
__Ltext10                                          text10       000000
__Ltext11                                          text11       000000
__Ltext12                                          text12       000000
__Ltext13                                          text13       000000
__Ltext14                                          text14       000000
__Ltext15                                          text15       000000
__Ltext16                                          text16       000000
__Ltext17                                          text17       000000
__Ltext18                                          text18       000000
__Ltext19                                          text19       000000
__Ltext2                                           text2        000000
__Ltext20                                          text20       000000
__Ltext21                                          text21       000000
__Ltext3                                           text3        000000
__Ltext4                                           text4        000000
__Ltext5                                           text5        000000
__Ltext6                                           text6        000000
__Ltext7                                           text7        000000
__Ltext8                                           text8        000000
__Ltext9                                           text9        000000
__S0                                               (abs)        000F04
__S1                                               (abs)        000050
__S4                                               (abs)        000000
__S5                                               (abs)        000000
___heap_hi                                         (abs)        000000
___heap_lo                                         (abs)        000000
___inthi_sp                                        stack        000000
___intlo_sp                                        stack        000000
___lwdiv                                           text13       000C44
___lwdiv@counter                                   cstackCOMRAM 000037
___lwdiv@dividend                                  cstackCOMRAM 000031
___lwdiv@divisor                                   cstackCOMRAM 000033
___lwdiv@quotient                                  cstackCOMRAM 000035
___lwmod                                           text12       000D62
___lwmod@counter                                   cstackCOMRAM 00003C
___lwmod@dividend                                  cstackCOMRAM 000038
___lwmod@divisor                                   cstackCOMRAM 00003A
___param_bank                                      (abs)        000000
___rparam_used                                     (abs)        000001
___sp                                              stack        000000
__accesstop                                        (abs)        000060
__activetblptr                                     (abs)        000002
__end_of_BorraLCD                                  text18       000EDC
__end_of_ConfiguraLCD                              text9        000E9C
__end_of_DireccionaLCD                             text17       000EC8
__end_of_EnviaDato                                 text19       000CDC
__end_of_EscribeLCD_c                              text16       000EB2
__end_of_HabilitaLCD                               text21       000EEA
__end_of_ISR                                       intcode_body 000E84
__end_of_InicializaLCD                             text8        000AFA
__end_of_MensajeLCD_Var                            text15       000C44
__end_of_RetardoLCD                                text20       000BE0
__end_of_Transmitir                                text5        000EF6
__end_of___lwdiv                                   text13       000C96
__end_of___lwmod                                   text12       000DA4
__end_of__initialization                           cinit        000DCE
__end_of_check_potentiometer_voltaje               text14       000E62
__end_of_choose_scale_temperature_and_fill_buffers text10       000A5E
__end_of_dpowers                                   smallconst   00080B
__end_of_init_configuration                        text7        000B7A
__end_of_main                                      text0        000E38
__end_of_save_temperature_c_EEPROM                 text6        000F04
__end_of_send_temperature_RS232                    text4        000D20
__end_of_show_temperature_LCD                      text3        000D62
__end_of_show_temperature_c_RGB                    text2        000EFE
__end_of_sprintf                                   text11       000998
__end_of_welcome_operations                        text1        000E0C
__initialization                                   cinit        000DA4
__mediumconst                                      mediumconst  000000
__pbssCOMRAM                                       bssCOMRAM    000001
__pcinit                                           cinit        000DA4
__pcstackCOMRAM                                    cstackCOMRAM 000031
__pdataCOMRAM                                      dataCOMRAM   00004C
__pidataCOMRAM                                     idataCOMRAM  000EFE
__pintcode                                         intcode      000008
__pintcode_body                                    intcode_body 000E62
__psmallconst                                      smallconst   000800
__ptext0                                           text0        000E0C
__ptext1                                           text1        000DDC
__ptext10                                          text10       000998
__ptext11                                          text11       00084C
__ptext12                                          text12       000D62
__ptext13                                          text13       000C44
__ptext14                                          text14       000E38
__ptext15                                          text15       000BE0
__ptext16                                          text16       000E9C
__ptext17                                          text17       000EB2
__ptext18                                          text18       000EC8
__ptext19                                          text19       000C96
__ptext2                                           text2        000EF6
__ptext20                                          text20       000B7A
__ptext21                                          text21       000EDC
__ptext3                                           text3        000D20
__ptext4                                           text4        000CDC
__ptext5                                           text5        000EEA
__ptext6                                           text6        000F02
__ptext7                                           text7        000AFA
__ptext8                                           text8        000A5E
__ptext9                                           text9        000E84
__ramtop                                           ramtop       000800
__smallconst                                       smallconst   000800
_check_potentiometer_voltaje                       text14       000E38
_choose_scale_temperature_and_fill_buffers         text10       000998
_dpowers                                           smallconst   000801
_init_configuration                                text7        000AFA
_interfaz                                          dataCOMRAM   00004E
_main                                              text0        000E0C
_save_temperature_c_EEPROM                         text6        000F02
_send_temperature_RS232                            text4        000CDC
_show_temperature_LCD                              text3        000D20
_show_temperature_c_RGB                            text2        000EF6
_sprintf                                           text11       00084C
_welcome_operations                                text1        000DDC
btemp                                              temp         00004F
end_of_initialization                              cinit        000DCE
int$flags                                          temp         00004F
int_func                                           intcode_body 000E62
intlevel0                                          text         000000
intlevel1                                          text         000000
intlevel2                                          text         000000
intlevel3                                          text         000000
isa$std                                            (abs)        000001
isa$xinst                                          (abs)        000000
send_temperature_RS232@counter                     cstackCOMRAM 000034
show_temperature_LCD@counter                       cstackCOMRAM 000037
sprintf@ap                                         cstackCOMRAM 000048
sprintf@c                                          cstackCOMRAM 00004B
sprintf@f                                          cstackCOMRAM 00003E
sprintf@flag                                       cstackCOMRAM 000046
sprintf@prec                                       cstackCOMRAM 000047
sprintf@sp                                         cstackCOMRAM 00003D
sprintf@val                                        cstackCOMRAM 000049
stackhi                                            (abs)        000000
stacklo                                            (abs)        000000
start                                              init         00000E
start_initialization                               cinit        000DA4
ttemp5                                             temp         000050
ttemp6                                             temp         000053
ttemp7                                             temp         000057
wtemp8                                             temp         000050


MODULE INFORMATION

Module		Function		Class		Link	Load	Size
/opt/microchip/xc8/v2.41/pic/sources/c90/common/lwmod.c
		___lwmod       		CODE           	0D62	0000	66

/opt/microchip/xc8/v2.41/pic/sources/c90/common/lwmod.c estimated size: 66

/home/esteban/Esteban/UN/semester12/Microcontroladores/MPLAB_X_IDE/lab05_ADC.X/LAB05.c
		_save_temperature_c_EEPROM		CODE           	0F02	0000	2
		_ISR           		CODE           	0008	0000	40
		_main          		CODE           	0E0C	0000	44
		_send_temperature_RS232		CODE           	0CDC	0000	68
		_init_configuration		CODE           	0AFA	0000	128
		_welcome_operations		CODE           	0DDC	0000	48
		_Transmitir    		CODE           	0EEA	0000	12
		_show_temperature_c_RGB		CODE           	0EF6	0000	8
		_choose_scale_temperature_and_fill_buffers		CODE           	0998	0000	198
		_check_potentiometer_voltaje		CODE           	0E38	0000	42
		_show_temperature_LCD		CODE           	0D20	0000	66

/home/esteban/Esteban/UN/semester12/Microcontroladores/MPLAB_X_IDE/lab05_ADC.X/LAB05.c estimated size: 656

/opt/microchip/xc8/v2.41/pic/sources/c90/common/doprnt.c
		_sprintf       		CODE           	084C	0000	332

/opt/microchip/xc8/v2.41/pic/sources/c90/common/doprnt.c estimated size: 332

/opt/microchip/xc8/v2.41/pic/sources/c90/common/lwdiv.c
		___lwdiv       		CODE           	0C44	0000	82

/opt/microchip/xc8/v2.41/pic/sources/c90/common/lwdiv.c estimated size: 82

shared
		_dpowers       		SMALLCONST     	0801	0000	10
		__initialization		CODE           	0DA4	0000	42

shared estimated size: 52

/home/esteban/Esteban/UN/semester12/Microcontroladores/MPLAB_X_IDE/lab05_ADC.X/LibLCDXC8.h
		_DireccionaLCD 		CODE           	0EB2	0000	22
		_InicializaLCD 		CODE           	0A5E	0000	156
		_EnviaDato     		CODE           	0C96	0000	70
		_MensajeLCD_Var		CODE           	0BE0	0000	100
		_EscribeLCD_c  		CODE           	0E9C	0000	22
		_HabilitaLCD   		CODE           	0EDC	0000	14
		_ConfiguraLCD  		CODE           	0E84	0000	24
		_BorraLCD      		CODE           	0EC8	0000	20
		_RetardoLCD    		CODE           	0B7A	0000	102

/home/esteban/Esteban/UN/semester12/Microcontroladores/MPLAB_X_IDE/lab05_ADC.X/LibLCDXC8.h estimated size: 530

